// Jest Snapshot v1, https://goo.gl/fbAQLP

exports[`Testing Countries component renders correctly 1`] = `
<div
  className="countries-section"
  data-testid="countries-wrapper"
>
  <div
    className="header-section"
  >
    <h1
      className="title-header"
    >
      World Weather
    </h1>
    <p
      className="choose-country"
    >
      Choose a country
    </p>
    <div
      className="country-list-header"
    >
      <h2
        className="country-list-title"
      >
        Countries
      </h2>
    </div>
  </div>
  <div
    className="country-card-container"
  />
</div>
`;
